LexerOutput:[
	{"Type":"line comment", "Content":"\/\/ -O LEXER", "Line":1, "Column":1},
	{"Type":"end of line", "Content":"\r\n", "Line":1, "Column":12},
	{"Type":"end of line", "Content":"\r\n", "Line":2, "Column":1},
	{"Type":"block comment", "Content":"\/* EOF in block line", "Line":3, "Column":1},
	{"Type":"end of file", "Content":"", "Line":3, "Column":21},
]
Diagnostic:[
	..\src\rfx\tests\lexer\EofInBlockLine.rfx(3): error 10006: end of file in block comment
	/* EOF in block line
	                    ^
]
