SourceOutput:[
    #line 20 "../src/rfx/tests/preprocessor/macros/MacroParensFromExpansion.rfx"
    ( 3 )
]
Diagnostic:[
]
