SourceOutput:[
    #line 8 "D:/Work/my/OpenDemo/src/rfx/tests/preprocessor/macros/VariadicMacro.rfx"
    (1 ; 2, 3)
    #line 15
    (4, 5)
    #line 27
    (1 ,)
    (2 , 3)
    (4 , 5, 6)
]
Diagnostic:[
]
