PreprocessorOutput:[
	float bar(float x) { return x; }
	float foo(float x) { return x; }
	float test(float x)
	{
	    return foo(x) + bar(x);
	}
]
Diagnostic:[
]
