Diagnostic:[
]
SourceOutput:[
    {
      "Animal": {
        "Type": "None",
        "Weight": -1
      },
      "Animals": {
        "BlackCow": {
          "Name": "BlackCow",
          "Type": "Pray",
          "Valid": true,
          "Weight": 750
        },
        "Cow": {
          "Name": "Cow",
          "Type": "Pray",
          "Valid": true,
          "Weight": 750
        },
        "Fox": {
          "Name": "Fox",
          "Type": "Predator",
          "Valid": true,
          "Weight": 7.5
        }
      },
      "Object": {
        "Name": "Unknown",
        "Valid": true
      },
      "Zoo": {
        "Animals": [
          {
            "Name": "BlackCow",
            "Type": "Pray",
            "Valid": true,
            "Weight": 750
          },
          {
            "Name": "RedFox",
            "Type": "Predator",
            "Valid": true,
            "Weight": 7.5
          }
        ],
        "Name": "Park",
        "Valid": true
      }
    }
]
