Diagnostic:[
    ../src/rfx/tests/parser/Inheritance-invalid_3.rfx(8): error 20016: The value 'Foo' is of type type 'Bool', but only objects can have parents.
    Foo: <Bar> false
          ^~~
]
