Output:[
	Thing11
	Yeppers
	PasteConditional2837
]
Diagnostic:[
	..\src\rfx\tests\preprocessor\_SpecialMacroComplex.rfx(27): error 15101: unknown preprocessor directive 'line'
	#line 10
	 ^~~~
	..\src\rfx\tests\preprocessor\_SpecialMacroComplex.rfx(31): error 15101: unknown preprocessor directive 'line'
	#line default
	 ^~~~
]