PreprocessorOutput:[
	Thing11
	Yeppers
	PasteConditional
	10
	19
]
Diagnostic:[
	..\src\rfx\tests\preprocessor\_SpecialMacroComplex.rfx(13): error 15102: expected 'integer literal' in 'line' directive
	#line default
	      ^~~~~~~
]
