Output:[
	float foo() { return 1.0f + 2.0; }
]
Diagnostic:[
	..\src\rfx\tests\preprocessor\DefineRedefine.rfx(8): warning 15400: redefinition of macro 'FOO'
	#define FOO 2.0f
	        ^~~
	..\src\rfx\tests\preprocessor\DefineRedefine.rfx(4): note: see previous definition of 'FOO'
	#define FOO 1.0f
	        ^~~
]