SourceOutput:[
    #line 15 "../src/rfx/tests/preprocessor/DirectiveWhitespaces.rfx"
    SUCCESS
]
Diagnostic:[
]
