SourceOutput:[
    #line 15 "../src/rfx/tests/preprocessor/EscapedNewlines.rfx"
    float bar(float a)
    {
        return a;
    }
    
    float foo(float x)
    {
        return bar(x);
    }
]
Diagnostic:[
]
