PreprocessorOutput:[
	#line 5 "D:/Work/my/OpenDemo/src/rfx/tests/preprocessor/If.rfx"
	int foo() { return 0; }
	#line 13
	int bar() { return foo(); }
]
Diagnostic:[
]
