SourceOutput:[
    #line 1 "D:/Work/my/OpenDemo/src/rfx/tests/preprocessor/IfIgnore.rfx"
    
]
Diagnostic:[
]
