SourceOutput:[
    #line 7 "D:/Work/my/OpenDemo/src/rfx/tests/preprocessor/IfMacroTokenPaste.rfx"
    int test() {
        #line 9
        return 1;
    #line 13
    }
]
Diagnostic:[
]
