#line 1 "_SpecialMacroRedefineFunction.rfx"








"Is" "Anybody"
"Is" There



__FILE_
