SourceOutput:[
    #line 11 "D:/Work/my/OpenDemo/src/rfx/tests/preprocessor/PasteNonExpansion.rfx"
    someThingElse
    #line 13
    SOMETHINGAnother
]
Diagnostic:[
]
