SourceOutput:[
    #line 15 "../src/rfx/tests/preprocessor/PreprocConcat_2.rfx"
    a A2B2 b;
]
Diagnostic:[
]
