PreprocessorOutput:[
	#line 21 "D:\\Work\\my\\OpenDemo\\src\\rfx\\tests\\preprocessor\\PreprocConcat_4.rfx"
	CONCAT(a, b) A2B2 CONCAT(a, b)
]
Diagnostic:[
]
