SourceOutput:[
    #line 12 "D:/Work/my/OpenDemo/src/rfx/tests/preprocessor/PreprocConcat_1.rfx"
    AB;
]
Diagnostic:[
]
