Output:[
	int NO_EXPAND(intb)
	{
	    return b + ( (1 ) );
	}
	int objectLikeMacroTest( int REC )
	{
	    return REC;
	}
	int mutuallyRecursiveMacroTest( int XYZ )
	{
	    return XYZ;
	}
]
Diagnostic:[
]