SourceOutput:[
    #line 10 "../src/rfx/tests/preprocessor/PreprocStringify.rfx"
    "A B";
]
Diagnostic:[
]
