SourceOutput:[
    #line 1 "D:/Work/my/OpenDemo/src/rfx/tests/preprocessor/SpecialMacroRedefineFunction.rfx"
    
    
    
    
    
    
    
    
    "Is" "Anybody"
    "Is" There
    
    
    
    __FILE__
]
Diagnostic:[
    D:/Work/my/OpenDemo/src/rfx/tests/preprocessor/SpecialMacroRedefineFunction.rfx:7:9: warning: redefining builtin macro [-Wbuiltin-macro-redefined]
    #define __FILE__(x) "Is" x
            ^
]
