SourceOutput:[
    #line 5 "../src/rfx/tests/preprocessor/SpecialMacroMultiLine.rfx"
    int x = 5
    
    
    
    ;
]
Diagnostic:[
]
