exit_status:0
output:
Source output:
    #line 1 "D:/Work/my/OpenDemo/src/rfx/tests/preprocessor/SpecialMacroRedefineObject.rfx"
    
    
    
    
    
    
    
    "Hello"
    
    
    
    __LINE__
Diagnostic output:
    D:/Work/my/OpenDemo/src/rfx/tests/preprocessor/SpecialMacroRedefineObject.rfx:6:9: warning: redefining builtin macro [-Wbuiltin-macro-redefined]
    #define __LINE__ "Hello"
            ^
