exit_status:0
output:
Source output:
    #line 1 "D:/Work/my/OpenDemo/src/rfx/tests/preprocessor/test.rfx"
    
    
    
    
    BAR qwe LINE
Diagnostic output:
