PreprocessorOutput:[
	#line 10 "D:/Work/my/OpenDemo/src/rfx/tests/preprocessor/Undef.rfx"
	float foo() { return 1.0f + 2.0; }
	#line 20
	typedef float BAR;
	#line 22
	BAR bar() { return 2.0; }
]
Diagnostic:[
	..\src\rfx\tests\preprocessor\Undef.rfx(6): warning 15401: macro 'FOO' is not defined
	#undef FOO
	       ^~~
]
