SourceOutput:[
]
Diagnostic:[
    ../src/rfx/tests/preprocessor/Warning.rfx(9): warning 15901: #warning: You wouldn't like me when I'm angry...
    #warning You wouldn't like me when I'm angry...
     ^~~~~~~
]
