SourceOutput:[
    #line 7 "../src/rfx/tests/preprocessor/Whitespaces.rfx"
    BAR ! LINE
]
Diagnostic:[
]
