exit_status:0
output:
Source output:
    #line 1 "D:/Work/my/OpenDemo/src/rfx/tests/preprocessor/X-macro.rfx"
    
    
    
    
    
    
    
    
    int sum()
    {
     return + 0 + 0 + 0 + 1 + 1 + 1 + 2 + 2 + 2 + 3 + 3 + 3 + 4 + 4 + 4 + 5 + 5 + 5 + 6 + 6 + 6 + 7 + 7 + 7;
    }
Diagnostic output:
